// Jest Snapshot v1, https://goo.gl/fbAQLP

exports[`Test for Home Page should render the Home Page 1`] = `
Object {
  "asFragment": [Function],
  "baseElement": <body>
    <div>
      <div>
        <header
          class="home-header"
        >
          <div
            class="logo"
          >
            <svg
              aria-hidden="true"
              class="MuiSvgIcon-root MuiSvgIcon-fontSizeMedium svg_icons css-i4bv87-MuiSvgIcon-root"
              data-testid="HomeIcon"
              focusable="false"
              viewBox="0 0 24 24"
            >
              <path
                d="M10 20v-6h4v6h5v-8h3L12 3 2 12h3v8z"
              />
            </svg>
          </div>
          <div
            class="search"
          >
             
            <input
              name="searchItem"
              placeholder="search for a country"
              type="text"
              value=""
            />
          </div>
          <div
            class="logo"
          >
            <svg
              aria-hidden="true"
              class="MuiSvgIcon-root MuiSvgIcon-fontSizeMedium svg_icons css-i4bv87-MuiSvgIcon-root"
              data-testid="SettingsIcon"
              focusable="false"
              viewBox="0 0 24 24"
            >
              <path
                d="M19.14 12.94c.04-.3.06-.61.06-.94 0-.32-.02-.64-.07-.94l2.03-1.58c.18-.14.23-.41.12-.61l-1.92-3.32c-.12-.22-.37-.29-.59-.22l-2.39.96c-.5-.38-1.03-.7-1.62-.94l-.36-2.54c-.04-.24-.24-.41-.48-.41h-3.84c-.24 0-.43.17-.47.41l-.36 2.54c-.59.24-1.13.57-1.62.94l-2.39-.96c-.22-.08-.47 0-.59.22L2.74 8.87c-.12.21-.08.47.12.61l2.03 1.58c-.05.3-.09.63-.09.94s.02.64.07.94l-2.03 1.58c-.18.14-.23.41-.12.61l1.92 3.32c.12.22.37.29.59.22l2.39-.96c.5.38 1.03.7 1.62.94l.36 2.54c.05.24.24.41.48.41h3.84c.24 0 .44-.17.47-.41l.36-2.54c.59-.24 1.13-.56 1.62-.94l2.39.96c.22.08.47 0 .59-.22l1.92-3.32c.12-.22.07-.47-.12-.61l-2.01-1.58zM12 15.6c-1.98 0-3.6-1.62-3.6-3.6s1.62-3.6 3.6-3.6 3.6 1.62 3.6 3.6-1.62 3.6-3.6 3.6z"
              />
            </svg>
          </div>
        </header>
        <div
          class="countries-grid"
        >
          <div
            class="country"
          />
          <div
            class="country"
          />
          <button
            class="country"
            type="button"
          >
            <div
              class="image"
            >
              <img
                alt="Country Flag"
                class="country-img"
                src="https://upload.wikimedia.org/wikipedia/commons/5/5c/Flag_of_the_Taliban.svg"
              />
            </div>
            <div
              class="details"
            >
              <h2>
                Afghanistan
              </h2>
              <p>
                Population:
                <span>
                  40218234
                </span>
              </p>
            </div>
          </button>
          <button
            class="country"
            type="button"
          >
            <div
              class="image"
            >
              <img
                alt="Country Flag"
                class="country-img"
                src="https://flagcdn.com/ax.svg"
              />
            </div>
            <div
              class="details"
            >
              <h2>
                Åland Islands
              </h2>
              <p>
                Population:
                <span>
                  28875
                </span>
              </p>
            </div>
          </button>
        </div>
      </div>
    </div>
  </body>,
  "container": <div>
    <div>
      <header
        class="home-header"
      >
        <div
          class="logo"
        >
          <svg
            aria-hidden="true"
            class="MuiSvgIcon-root MuiSvgIcon-fontSizeMedium svg_icons css-i4bv87-MuiSvgIcon-root"
            data-testid="HomeIcon"
            focusable="false"
            viewBox="0 0 24 24"
          >
            <path
              d="M10 20v-6h4v6h5v-8h3L12 3 2 12h3v8z"
            />
          </svg>
        </div>
        <div
          class="search"
        >
           
          <input
            name="searchItem"
            placeholder="search for a country"
            type="text"
            value=""
          />
        </div>
        <div
          class="logo"
        >
          <svg
            aria-hidden="true"
            class="MuiSvgIcon-root MuiSvgIcon-fontSizeMedium svg_icons css-i4bv87-MuiSvgIcon-root"
            data-testid="SettingsIcon"
            focusable="false"
            viewBox="0 0 24 24"
          >
            <path
              d="M19.14 12.94c.04-.3.06-.61.06-.94 0-.32-.02-.64-.07-.94l2.03-1.58c.18-.14.23-.41.12-.61l-1.92-3.32c-.12-.22-.37-.29-.59-.22l-2.39.96c-.5-.38-1.03-.7-1.62-.94l-.36-2.54c-.04-.24-.24-.41-.48-.41h-3.84c-.24 0-.43.17-.47.41l-.36 2.54c-.59.24-1.13.57-1.62.94l-2.39-.96c-.22-.08-.47 0-.59.22L2.74 8.87c-.12.21-.08.47.12.61l2.03 1.58c-.05.3-.09.63-.09.94s.02.64.07.94l-2.03 1.58c-.18.14-.23.41-.12.61l1.92 3.32c.12.22.37.29.59.22l2.39-.96c.5.38 1.03.7 1.62.94l.36 2.54c.05.24.24.41.48.41h3.84c.24 0 .44-.17.47-.41l.36-2.54c.59-.24 1.13-.56 1.62-.94l2.39.96c.22.08.47 0 .59-.22l1.92-3.32c.12-.22.07-.47-.12-.61l-2.01-1.58zM12 15.6c-1.98 0-3.6-1.62-3.6-3.6s1.62-3.6 3.6-3.6 3.6 1.62 3.6 3.6-1.62 3.6-3.6 3.6z"
            />
          </svg>
        </div>
      </header>
      <div
        class="countries-grid"
      >
        <div
          class="country"
        />
        <div
          class="country"
        />
        <button
          class="country"
          type="button"
        >
          <div
            class="image"
          >
            <img
              alt="Country Flag"
              class="country-img"
              src="https://upload.wikimedia.org/wikipedia/commons/5/5c/Flag_of_the_Taliban.svg"
            />
          </div>
          <div
            class="details"
          >
            <h2>
              Afghanistan
            </h2>
            <p>
              Population:
              <span>
                40218234
              </span>
            </p>
          </div>
        </button>
        <button
          class="country"
          type="button"
        >
          <div
            class="image"
          >
            <img
              alt="Country Flag"
              class="country-img"
              src="https://flagcdn.com/ax.svg"
            />
          </div>
          <div
            class="details"
          >
            <h2>
              Åland Islands
            </h2>
            <p>
              Population:
              <span>
                28875
              </span>
            </p>
          </div>
        </button>
      </div>
    </div>
  </div>,
  "debug": [Function],
  "findAllByAltText": [Function],
  "findAllByDisplayValue": [Function],
  "findAllByLabelText": [Function],
  "findAllByPlaceholderText": [Function],
  "findAllByRole": [Function],
  "findAllByTestId": [Function],
  "findAllByText": [Function],
  "findAllByTitle": [Function],
  "findByAltText": [Function],
  "findByDisplayValue": [Function],
  "findByLabelText": [Function],
  "findByPlaceholderText": [Function],
  "findByRole": [Function],
  "findByTestId": [Function],
  "findByText": [Function],
  "findByTitle": [Function],
  "getAllByAltText": [Function],
  "getAllByDisplayValue": [Function],
  "getAllByLabelText": [Function],
  "getAllByPlaceholderText": [Function],
  "getAllByRole": [Function],
  "getAllByTestId": [Function],
  "getAllByText": [Function],
  "getAllByTitle": [Function],
  "getByAltText": [Function],
  "getByDisplayValue": [Function],
  "getByLabelText": [Function],
  "getByPlaceholderText": [Function],
  "getByRole": [Function],
  "getByTestId": [Function],
  "getByText": [Function],
  "getByTitle": [Function],
  "queryAllByAltText": [Function],
  "queryAllByDisplayValue": [Function],
  "queryAllByLabelText": [Function],
  "queryAllByPlaceholderText": [Function],
  "queryAllByRole": [Function],
  "queryAllByTestId": [Function],
  "queryAllByText": [Function],
  "queryAllByTitle": [Function],
  "queryByAltText": [Function],
  "queryByDisplayValue": [Function],
  "queryByLabelText": [Function],
  "queryByPlaceholderText": [Function],
  "queryByRole": [Function],
  "queryByTestId": [Function],
  "queryByText": [Function],
  "queryByTitle": [Function],
  "rerender": [Function],
  "unmount": [Function],
}
`;
